[backblue.gif]
[fade.gif]
[index.html]
[homesolutionslondon.co.uk/assets/images/web-img/favicon.png]
[homesolutionslondon.co.uk/assets/images/logo-blue-web.png]
[homesolutionslondon.co.uk/assets/images/web-img/boiler-repair-earlscourt-icon-1.png]
[homesolutionslondon.co.uk/assets/images/web-img/boiler-repair-london-icon-2.png]
[homesolutionslondon.co.uk/assets/images/web-img/experienced-boiler-service-london.jpg]
[homesolutionslondon.co.uk/assets/images/web-img/icon-1.png]
[homesolutionslondon.co.uk/assets/images/web-img/emergency-boiler-repair-london-expert.png]
[homesolutionslondon.co.uk/assets/images/web-img/f-gas-certified.png]
[homesolutionslondon.co.uk/assets/images/web-img/foot.png]
[homesolutionslondon.co.uk/assets/js/jquery-2.2.0.min.js]
[homesolutionslondon.co.uk/assets/js/gmaps.min.js]
[homesolutionslondon.co.uk/assets/js/bootstrap.min.js]
[homesolutionslondon.co.uk/assets/vendors/isotope/isotope.min.js]
[homesolutionslondon.co.uk/assets/vendors/imagesloaded/imagesloaded.pkgd.min.js]
[homesolutionslondon.co.uk/assets/vendors/owl.carousel/owl.carousel.min.js]
[homesolutionslondon.co.uk/assets/js/theme.js]
[homesolutionslondon.co.uk/index.html]
[homesolutionslondon.co.uk/assets/fonts/glyphicons-halflings-regular.eot]
[homesolutionslondon.co.uk/assets/fonts/glyphicons-halflings-regulard41dd41d.eot]
[homesolutionslondon.co.uk/assets/fonts/glyphicons-halflings-regular.woff2]
[homesolutionslondon.co.uk/assets/fonts/glyphicons-halflings-regular.woff]
[homesolutionslondon.co.uk/assets/fonts/glyphicons-halflings-regular.ttf]
[homesolutionslondon.co.uk/assets/css/bootstrap.min.css]
[homesolutionslondon.co.uk/assets/css/bootstrap-theme.min.css]
[homesolutionslondon.co.uk/assets/fonts/fontawesome-webfont32953295.eot]
[homesolutionslondon.co.uk/assets/fonts/fontawesome-webfontd41dd41d.eot]
[homesolutionslondon.co.uk/assets/fonts/fontawesome-webfont32953295.woff2]
[homesolutionslondon.co.uk/assets/fonts/fontawesome-webfont32953295.woff]
[homesolutionslondon.co.uk/assets/fonts/fontawesome-webfont32953295.ttf]
[homesolutionslondon.co.uk/assets/css/font-awesome.min.css]
[homesolutionslondon.co.uk/assets/css/strock-icon.css]
[homesolutionslondon.co.uk/assets/css/animate.css]
[homesolutionslondon.co.uk/assets/vendors/owl.carousel/owl.carousel.css]
[homesolutionslondon.co.uk/assets/images/web-img/boiler-repair-london.jpg]
[homesolutionslondon.co.uk/assets/images/web-img/boiler-repair-earlscourt.jpg]
[homesolutionslondon.co.uk/assets/images/web-img/boiler-service-london.jpg]
[homesolutionslondon.co.uk/assets/images/web-img/best-boiler-repair-earlscourt.jpg]
[homesolutionslondon.co.uk/assets/images/web-img/cheap-boiler-repair-london.jpg]
[homesolutionslondon.co.uk/assets/images/web-img/emergency-boiler-repair-london.jpg]
[homesolutionslondon.co.uk/assets/images/web-img/quick-emergency-boiler-repair.jpg]
[homesolutionslondon.co.uk/assets/images/web-img/emergency-repair-in-london.jpg]
[homesolutionslondon.co.uk/assets/images/web-img/boiler.jpg]
[homesolutionslondon.co.uk/assets/images/web-img/boiler-service-london-bg.jpg]
[homesolutionslondon.co.uk/assets/images/web-img/trust.jpg]
[homesolutionslondon.co.uk/assets/images/web-img/page-cover.jpg]
[homesolutionslondon.co.uk/assets/images/web-img/plumbing.jpg]
[homesolutionslondon.co.uk/assets/css/style.css]
[homesolutionslondon.co.uk/index-2.html]
[homesolutionslondon.co.uk/assets/images/web-img/boiler-repair-company.jpg]
[homesolutionslondon.co.uk/assets/images/web-img/our-company.jpg]
[homesolutionslondon.co.uk/about-us.html]
[homesolutionslondon.co.uk/assets/images/our-company.jpg]
[homesolutionslondon.co.uk/boilers.html]
[homesolutionslondon.co.uk/central-heating.html]
[homesolutionslondon.co.uk/plumbing.html]
[homesolutionslondon.co.uk/home-kitchen-bathroom-design.html]
[homesolutionslondon.co.uk/painters-and-decorators.html]
[homesolutionslondon.co.uk/building-and-carpentry.html]
[homesolutionslondon.co.uk/handyman-service.html]
[homesolutionslondon.co.uk/landlord-services.html]
[homesolutionslondon.co.uk/rates.html]
[homesolutionslondon.co.uk/assets/images/web-img/emergency-boiler-repair-icon.png]
[homesolutionslondon.co.uk/assets/images/web-img/emergency-repair-icon.png]
[homesolutionslondon.co.uk/assets/images/web-img/boiler-repair-london-icon.png]
[homesolutionslondon.co.uk/assets/images/web-img/same-day-emergency-boiler.jpg]
[homesolutionslondon.co.uk/assets/images/web-img/we-can-fix.png]
[homesolutionslondon.co.uk/assets/images/web-img/emergency-boiler-repair-london-bg.jpg]
[homesolutionslondon.co.uk/emergency-boiler-repair-london.html]
[homesolutionslondon.co.uk/assets/images/web-img/blog4.jpg]
[homesolutionslondon.co.uk/blogs.html]
[homesolutionslondon.co.uk/contact-us.html]
[homesolutionslondon.co.uk/get-an-appointment.html]
[homesolutionslondon.co.uk/assets/images/web-img/banner.png]
[homesolutionslondon.co.uk/assets/images/web-img/boiler-repair-man-working.jpg]
[homesolutionslondon.co.uk/assets/images/web-img/boiler-repair-with-nut.jpg]
[homesolutionslondon.co.uk/assets/images/web-img/boiler-replaced-bathroom.jpg]
[homesolutionslondon.co.uk/assets/images/web-img/repair-boiler-connections.jpg]
[homesolutionslondon.co.uk/boiler-repair-london.html]
[homesolutionslondon.co.uk/assets/images/web-img/boiler-installation-items.jpg]
[homesolutionslondon.co.uk/assets/images/web-img/boiler-installation-bathroom.jpg]
[homesolutionslondon.co.uk/boiler-installation-london.html]
[homesolutionslondon.co.uk/boiler-service-london.html]
[homesolutionslondon.co.uk/assets/fonts/glyphicons-halflings-regular.svg]
[homesolutionslondon.co.uk/assets/fonts/fontawesome-webfont32953295.svg]
[homesolutionslondon.co.uk/assets/css/fonts/Stroke-Gap-Icons.html]
[homesolutionslondon.co.uk/assets/vendors/owl.carousel/owl.video.play.html]
[homesolutionslondon.co.uk/assets/images/homepage/bg1.html]
[homesolutionslondon.co.uk/assets/images/homepage4/bg-homepage4.html]
[homesolutionslondon.co.uk/assets/images/homepage4/bg-inn-header4.html]
[homesolutionslondon.co.uk/assets/images/icons/list-check.html]
[homesolutionslondon.co.uk/assets/images/homepage/icon-3.html]
[homesolutionslondon.co.uk/assets/images/homepage5/header-form.html]
[homesolutionslondon.co.uk/assets/images/icons/5.html]
[homesolutionslondon.co.uk/assets/images/bg1.html]
[homesolutionslondon.co.uk/assets/images/homepage4/bg-item-service.html]
[homesolutionslondon.co.uk/assets/images/icons/list-check2.html]
[homesolutionslondon.co.uk/assets/images/bg2.html]
[homesolutionslondon.co.uk/assets/images/icons/10.html]
[homesolutionslondon.co.uk/assets/images/homepage4/bg-1.html]
[homesolutionslondon.co.uk/assets/images/homepage5/bg1.html]
[homesolutionslondon.co.uk/assets/images/homepage/bg4.html]
[homesolutionslondon.co.uk/assets/images/homepage/bg5.html]
[homesolutionslondon.co.uk/assets/images/homepage4/bg4.html]
[homesolutionslondon.co.uk/assets/images/homepage4/bg-2.html]
[homesolutionslondon.co.uk/assets/images/bg4.html]
[homesolutionslondon.co.uk/assets/images/homepage/bg6.html]
[homesolutionslondon.co.uk/assets/images/icons/list-check3.html]
[homesolutionslondon.co.uk/assets/images/icons/secior.html]
[homesolutionslondon.co.uk/assets/images/homepage4/bg5.html]
[homesolutionslondon.co.uk/assets/images/homepage/bg2.html]
[homesolutionslondon.co.uk/assets/images/icons/check-box.html]
[homesolutionslondon.co.uk/assets/images/icons/check-box-checked.html]
[homesolutionslondon.co.uk/assets/images/icons/right.html]
[homesolutionslondon.co.uk/assets/images/icons/down.html]
[homesolutionslondon.co.uk/assets/images/page-cover.html]
[homesolutionslondon.co.uk/assets/images/homepage/page-cover.html]
[homesolutionslondon.co.uk/assets/images/homepage5/bg-inner.html]
[homesolutionslondon.co.uk/assets/images/sph2.html]
[homesolutionslondon.co.uk/assets/images/sph1.html]
[homesolutionslondon.co.uk/assets/images/prc.html]
[homesolutionslondon.co.uk/assets/images/shop-banner.html]
[homesolutionslondon.co.uk/assets/images/select-menu-arrow.html]
[homesolutionslondon.co.uk/assets/images/bg5.html]
[homesolutionslondon.co.uk/assets/images/bg6.html]
[homesolutionslondon.co.uk/assets/images/favicon.html]
[homesolutionslondon.co.uk/central-heating-london.html]
[homesolutionslondon.co.uk/heating-accessories-london.html]
[homesolutionslondon.co.uk/cheap-plumber-london.html]
[homesolutionslondon.co.uk/drain-repairs-london.html]
[homesolutionslondon.co.uk/commercial-plumbers-london.html]
[homesolutionslondon.co.uk/home-design-london.html]
[homesolutionslondon.co.uk/kitchen-design-london.html]
[homesolutionslondon.co.uk/bathroom-design-london.html]
[homesolutionslondon.co.uk/painters-and-decorators-london.html]
[homesolutionslondon.co.uk/building-and-carpentry-london.html]
[homesolutionslondon.co.uk/handyman-service-london.html]
[homesolutionslondon.co.uk/gas-boiler-safety-check.html]
[homesolutionslondon.co.uk/gas-safety-certificate.html]
[homesolutionslondon.co.uk/home/blog/1/the-perfect-gas-boilers.html]
[homesolutionslondon.co.uk/get-appointment.html]
[homesolutionslondon.co.uk/assets/images/banner.html]
[homesolutionslondon.co.uk/home/blog/1/single.html]
